Test Results (2025-10-26):
=============================
✅ Phase 1: P2P Infrastructure - SUCCESS
   - Bootstrap server connected
   - Browser 1 started: 12D3KooWEq...
   - Browser 2 started: 12D3KooWKo...
   - 2 peers connected

❌ Phase 2: Chunk Transfer - FAILED
   Error: "Too many arguments. If you need to pass more than 1 argument to the function wrap them in an object."

❌ Phase 3: DHT Registry - FAILED  
   Error: "Too many arguments. If you need to pass more than 1 argument to the function wrap them in an object."

Dashboard: Açık ve çalışıyor
Bootstrap: 2 connected peers
